// Jest Snapshot v1, https://goo.gl/fbAQLP

exports[`Pruebas en <AppRouter> Debe mostrar el componente marvel si est√° autenticado 1`] = `
<div>
  <div>
    <nav
      className="navbar navbar-expand-sm navbar-dark bg-dark"
    >
      <div
        className="container"
      >
        <a
          className="navbar-brand"
          href="/"
          onClick={[Function]}
        >
          Hero App
        </a>
        <div
          className="navbar-collapse"
        >
          <div
            className="navbar-nav"
          >
            <a
              aria-current="page"
              className="nav-item nav-link active"
              href="/marvel"
              onClick={[Function]}
              style={Object {}}
            >
              Marvel
            </a>
            <a
              aria-current={null}
              className="nav-item nav-link"
              href="/dc"
              onClick={[Function]}
            >
              DC
            </a>
            <a
              aria-current={null}
              className="nav-item nav-link"
              href="/search"
              onClick={[Function]}
            >
              Search
            </a>
          </div>
        </div>
        <div
          className="navbar-collapse collapse w-100 order-3 dual-collapse2"
        >
          <ul
            className="navbar-nav ms-auto"
          >
            <li>
              <span
                className="nav-item nav-link"
                style={
                  Object {
                    "color": "cyan",
                  }
                }
              >
                Fernando
              </span>
            </li>
            <li>
              <button
                className="nav-item nav-link btn btn-outline-info"
                onClick={[Function]}
              >
                Logout
              </button>
            </li>
          </ul>
        </div>
      </div>
    </nav>
    <div
      className="container mt-4"
    >
      <div>
        <h1>
          MarvelComponent
        </h1>
        <hr />
        <div
          className="row animate__animated animate__fadeIn"
        >
          <button
            className="btn btn-primary"
            onClick={[Function]}
          >
            Sort
          </button>
          <div
            className="col-sm-4 my-3"
          >
            <div
              className="card"
            >
              <img
                alt="Spider Man"
                className="card-img-top"
                src="./assets/heroes/marvel-spider.jpg"
              />
              <div
                className="card-body"
              >
                <h5
                  className="card-title"
                >
                  Spider Man
                </h5>
                <p
                  className="card-text"
                >
                  Marvel Comics
                </p>
                <button
                  className="btn btn-primary"
                  onClick={[Function]}
                >
                  More Info
                </button>
              </div>
            </div>
          </div>
          <div
            className="col-sm-4 my-3"
          >
            <div
              className="card"
            >
              <img
                alt="Captain America"
                className="card-img-top"
                src="./assets/heroes/marvel-captain.jpg"
              />
              <div
                className="card-body"
              >
                <h5
                  className="card-title"
                >
                  Captain America
                </h5>
                <p
                  className="card-text"
                >
                  Marvel Comics
                </p>
                <button
                  className="btn btn-primary"
                  onClick={[Function]}
                >
                  More Info
                </button>
              </div>
            </div>
          </div>
          <div
            className="col-sm-4 my-3"
          >
            <div
              className="card"
            >
              <img
                alt="Iron Man"
                className="card-img-top"
                src="./assets/heroes/marvel-iron.jpg"
              />
              <div
                className="card-body"
              >
                <h5
                  className="card-title"
                >
                  Iron Man
                </h5>
                <p
                  className="card-text"
                >
                  Marvel Comics
                </p>
                <button
                  className="btn btn-primary"
                  onClick={[Function]}
                >
                  More Info
                </button>
              </div>
            </div>
          </div>
          <div
            className="col-sm-4 my-3"
          >
            <div
              className="card"
            >
              <img
                alt="Thor"
                className="card-img-top"
                src="./assets/heroes/marvel-thor.jpg"
              />
              <div
                className="card-body"
              >
                <h5
                  className="card-title"
                >
                  Thor
                </h5>
                <p
                  className="card-text"
                >
                  Marvel Comics
                </p>
                <button
                  className="btn btn-primary"
                  onClick={[Function]}
                >
                  More Info
                </button>
              </div>
            </div>
          </div>
          <div
            className="col-sm-4 my-3"
          >
            <div
              className="card"
            >
              <img
                alt="Hulk"
                className="card-img-top"
                src="./assets/heroes/marvel-hulk.jpg"
              />
              <div
                className="card-body"
              >
                <h5
                  className="card-title"
                >
                  Hulk
                </h5>
                <p
                  className="card-text"
                >
                  Marvel Comics
                </p>
                <button
                  className="btn btn-primary"
                  onClick={[Function]}
                >
                  More Info
                </button>
              </div>
            </div>
          </div>
          <div
            className="col-sm-4 my-3"
          >
            <div
              className="card"
            >
              <img
                alt="Wolverine"
                className="card-img-top"
                src="./assets/heroes/marvel-wolverine.jpg"
              />
              <div
                className="card-body"
              >
                <h5
                  className="card-title"
                >
                  Wolverine
                </h5>
                <p
                  className="card-text"
                >
                  Marvel Comics
                </p>
                <button
                  className="btn btn-primary"
                  onClick={[Function]}
                >
                  More Info
                </button>
              </div>
            </div>
          </div>
          <div
            className="col-sm-4 my-3"
          >
            <div
              className="card"
            >
              <img
                alt="Daredevil"
                className="card-img-top"
                src="./assets/heroes/marvel-daredevil.jpg"
              />
              <div
                className="card-body"
              >
                <h5
                  className="card-title"
                >
                  Daredevil
                </h5>
                <p
                  className="card-text"
                >
                  Marvel Comics
                </p>
                <button
                  className="btn btn-primary"
                  onClick={[Function]}
                >
                  More Info
                </button>
              </div>
            </div>
          </div>
          <div
            className="col-sm-4 my-3"
          >
            <div
              className="card"
            >
              <img
                alt="Hawkeye"
                className="card-img-top"
                src="./assets/heroes/marvel-hawkeye.jpg"
              />
              <div
                className="card-body"
              >
                <h5
                  className="card-title"
                >
                  Hawkeye
                </h5>
                <p
                  className="card-text"
                >
                  Marvel Comics
                </p>
                <button
                  className="btn btn-primary"
                  onClick={[Function]}
                >
                  More Info
                </button>
              </div>
            </div>
          </div>
          <div
            className="col-sm-4 my-3"
          >
            <div
              className="card"
            >
              <img
                alt="Cyclops"
                className="card-img-top"
                src="./assets/heroes/marvel-cyclops.jpg"
              />
              <div
                className="card-body"
              >
                <h5
                  className="card-title"
                >
                  Cyclops
                </h5>
                <p
                  className="card-text"
                >
                  Marvel Comics
                </p>
                <button
                  className="btn btn-primary"
                  onClick={[Function]}
                >
                  More Info
                </button>
              </div>
            </div>
          </div>
          <div
            className="col-sm-4 my-3"
          >
            <div
              className="card"
            >
              <img
                alt="Silver Surfer"
                className="card-img-top"
                src="./assets/heroes/marvel-silver.jpg"
              />
              <div
                className="card-body"
              >
                <h5
                  className="card-title"
                >
                  Silver Surfer
                </h5>
                <p
                  className="card-text"
                >
                  Marvel Comics
                </p>
                <button
                  className="btn btn-primary"
                  onClick={[Function]}
                >
                  More Info
                </button>
              </div>
            </div>
          </div>
        </div>
      </div>
    </div>
  </div>
</div>
`;

exports[`Pruebas en <AppRouter> Debe mostrar login si no est√° autenticado 1`] = `
<div>
  <div
    className="container mt-5"
  >
    <h1>
      LoginComponent
    </h1>
    <hr />
    <button
      className="btn btn-primary"
      onClick={[Function]}
    >
      Login
    </button>
  </div>
</div>
`;
