// Jest Snapshot v1, https://goo.gl/fbAQLP

exports[`Pruebas en <DashboardRouter> Debe mostrar el snapshot 1`] = `"<div><nav class=\\"navbar navbar-expand-sm navbar-dark bg-dark\\"><div class=\\"container\\"><a class=\\"navbar-brand\\" href=\\"/\\">Hero App</a><div class=\\"navbar-collapse\\"><div class=\\"navbar-nav\\"><a class=\\"nav-item nav-link active\\" href=\\"/marvel\\" aria-current=\\"page\\">Marvel</a><a class=\\"nav-item nav-link\\" href=\\"/dc\\">DC</a><a class=\\"nav-item nav-link\\" href=\\"/search\\">Search</a></div></div><div class=\\"navbar-collapse collapse w-100 order-3 dual-collapse2\\"><ul class=\\"navbar-nav ms-auto\\"><li><span class=\\"nav-item nav-link\\" style=\\"color: cyan;\\">Juan</span></li><li><button class=\\"nav-item nav-link btn btn-outline-info\\">Logout</button></li></ul></div></div></nav><div class=\\"container mt-4\\"><div><h1>MarvelComponent</h1><hr><div class=\\"row animate__animated animate__fadeIn\\"><button class=\\"btn btn-primary\\">Sort</button><div class=\\"col-sm-4 my-3\\"><div class=\\"card\\"><img src=\\"./assets/heroes/marvel-spider.jpg\\" class=\\"card-img-top\\" alt=\\"Spider Man\\"><div class=\\"card-body\\"><h5 class=\\"card-title\\">Spider Man</h5><p class=\\"card-text\\">Marvel Comics</p><button class=\\"btn btn-primary\\">More Info</button></div></div></div><div class=\\"col-sm-4 my-3\\"><div class=\\"card\\"><img src=\\"./assets/heroes/marvel-captain.jpg\\" class=\\"card-img-top\\" alt=\\"Captain America\\"><div class=\\"card-body\\"><h5 class=\\"card-title\\">Captain America</h5><p class=\\"card-text\\">Marvel Comics</p><button class=\\"btn btn-primary\\">More Info</button></div></div></div><div class=\\"col-sm-4 my-3\\"><div class=\\"card\\"><img src=\\"./assets/heroes/marvel-iron.jpg\\" class=\\"card-img-top\\" alt=\\"Iron Man\\"><div class=\\"card-body\\"><h5 class=\\"card-title\\">Iron Man</h5><p class=\\"card-text\\">Marvel Comics</p><button class=\\"btn btn-primary\\">More Info</button></div></div></div><div class=\\"col-sm-4 my-3\\"><div class=\\"card\\"><img src=\\"./assets/heroes/marvel-thor.jpg\\" class=\\"card-img-top\\" alt=\\"Thor\\"><div class=\\"card-body\\"><h5 class=\\"card-title\\">Thor</h5><p class=\\"card-text\\">Marvel Comics</p><button class=\\"btn btn-primary\\">More Info</button></div></div></div><div class=\\"col-sm-4 my-3\\"><div class=\\"card\\"><img src=\\"./assets/heroes/marvel-hulk.jpg\\" class=\\"card-img-top\\" alt=\\"Hulk\\"><div class=\\"card-body\\"><h5 class=\\"card-title\\">Hulk</h5><p class=\\"card-text\\">Marvel Comics</p><button class=\\"btn btn-primary\\">More Info</button></div></div></div><div class=\\"col-sm-4 my-3\\"><div class=\\"card\\"><img src=\\"./assets/heroes/marvel-wolverine.jpg\\" class=\\"card-img-top\\" alt=\\"Wolverine\\"><div class=\\"card-body\\"><h5 class=\\"card-title\\">Wolverine</h5><p class=\\"card-text\\">Marvel Comics</p><button class=\\"btn btn-primary\\">More Info</button></div></div></div><div class=\\"col-sm-4 my-3\\"><div class=\\"card\\"><img src=\\"./assets/heroes/marvel-daredevil.jpg\\" class=\\"card-img-top\\" alt=\\"Daredevil\\"><div class=\\"card-body\\"><h5 class=\\"card-title\\">Daredevil</h5><p class=\\"card-text\\">Marvel Comics</p><button class=\\"btn btn-primary\\">More Info</button></div></div></div><div class=\\"col-sm-4 my-3\\"><div class=\\"card\\"><img src=\\"./assets/heroes/marvel-hawkeye.jpg\\" class=\\"card-img-top\\" alt=\\"Hawkeye\\"><div class=\\"card-body\\"><h5 class=\\"card-title\\">Hawkeye</h5><p class=\\"card-text\\">Marvel Comics</p><button class=\\"btn btn-primary\\">More Info</button></div></div></div><div class=\\"col-sm-4 my-3\\"><div class=\\"card\\"><img src=\\"./assets/heroes/marvel-cyclops.jpg\\" class=\\"card-img-top\\" alt=\\"Cyclops\\"><div class=\\"card-body\\"><h5 class=\\"card-title\\">Cyclops</h5><p class=\\"card-text\\">Marvel Comics</p><button class=\\"btn btn-primary\\">More Info</button></div></div></div><div class=\\"col-sm-4 my-3\\"><div class=\\"card\\"><img src=\\"./assets/heroes/marvel-silver.jpg\\" class=\\"card-img-top\\" alt=\\"Silver Surfer\\"><div class=\\"card-body\\"><h5 class=\\"card-title\\">Silver Surfer</h5><p class=\\"card-text\\">Marvel Comics</p><button class=\\"btn btn-primary\\">More Info</button></div></div></div></div></div></div></div>"`;
