// Jest Snapshot v1, https://goo.gl/fbAQLP

exports[`Pruebas en <HeroScreen> Mostrar el snapshot del redirect si no hay argumentos en el url 1`] = `""`;
